// Jest Snapshot v1, https://goo.gl/fbAQLP

exports[`Header should match the snapshot with all data passed in correctly 1`] = `
<div
  className="header"
>
  <div>
    <p>
      Welcome Back, 
      Jeff
    </p>
    <button
      className="btn"
      onClick={[Function]}
    >
      Sign Out
    </button>
  </div>
  <Link
    to="/"
  >
    <h2
      className="title"
    >
      Movie Tracker
    </h2>
  </Link>
  <Link
    to="/favorites"
  >
    <button
      className="btn"
    >
      Favorites
    </button>
  </Link>
</div>
`;
