// Jest Snapshot v1, https://goo.gl/fbAQLP

exports[`Login should match the snapshot with all data passed in correctly 1`] = `
<div
  className="Login"
>
  <Redirect
    to="/"
  />
  <form
    className="form"
    onSubmit={[Function]}
  >
    <label
      className="label"
      label={true}
    >
      <input
        className="email-input"
        onChange={[Function]}
        placeholder="Email Address"
        type="text"
        value=""
      />
    </label>
    <label
      className="label"
      label={true}
    >
      <input
        className="password-input"
        onChange={[Function]}
        placeholder="Password"
        type="text"
        value=""
      />
    </label>
    <button
      className="btn signIn-btn"
      disabled={true}
      onClick={[Function]}
    >
      Sign In
    </button>
  </form>
</div>
`;
