// Jest Snapshot v1, https://goo.gl/fbAQLP

exports[`Login should match the snapshot with all data passed in correctly 1`] = `
<div>
  <Redirect
    to="/"
  />
  <form
    onSubmit={[Function]}
  >
    <label>
      Password:
      <input
        onChange={[Function]}
        type="text"
        value=""
      />
    </label>
    <label>
      Email:
      <input
        onChange={[Function]}
        type="text"
        value=""
      />
    </label>
    <button
      disabled={true}
      onClick={[Function]}
    >
      Sign In
    </button>
  </form>
</div>
`;
