// Jest Snapshot v1, https://goo.gl/fbAQLP

exports[`MovieDetails should match the snapshot with all data passed in correctly 1`] = `
<div
  className="movie-details"
>
  <img
    alt="movie poster"
    className="img-details"
  />
  <div
    className="details-container"
  >
    <h1
      className="title-details"
    />
    <p
      className="score-details"
    >
      Score: 
    </p>
    <p
      className="overview-details"
    />
  </div>
</div>
`;
